  1: Accelerate and steer RIGHT        steer 100% / pedal 100% • 8321 ms
  2: Accelerate and steer RIGHT        steer 100% / pedal 100% • 135 ms
  3: Accelerate and steer RIGHT        steer 100% / pedal 100% • 135 ms
  4: Accelerate and steer RIGHT        steer 100% / pedal 100% • 134 ms
  5: Accelerate and steer RIGHT        steer 100% / pedal 100% • 136 ms
  6: Accelerate and go STRAIGHT        steer 100% / pedal 100% • 134 ms
  7: Accelerate and go STRAIGHT        steer 100% / pedal 74% • 134 ms
  8: Brake and go STRAIGHT             steer 100% / pedal 100% • 134 ms
  9: Accelerate and go STRAIGHT        steer 100% / pedal 100% • 135 ms
 10: Accelerate and go STRAIGHT        steer 100% / pedal 86% • 134 ms
 11: Brake and steer LEFT              steer 100% / pedal 100% • 136 ms
 12: Accelerate and steer RIGHT        steer 100% / pedal 100% • 135 ms
 13: Coast and steer LEFT              steer 100% / pedal 62% • 135 ms
 14: Coast and go STRAIGHT             steer 100% / pedal 70% • 133 ms
 15: Accelerate and go STRAIGHT        steer 100% / pedal 67% • 136 ms
 16: Brake and go STRAIGHT             steer 100% / pedal 100% • 136 ms
 17: Accelerate and go STRAIGHT        steer 100% / pedal 100% • 135 ms
 18: Accelerate and go STRAIGHT        steer 100% / pedal 64% • 136 ms
 19: Brake and steer LEFT              steer 100% / pedal 100% • 136 ms
 20: Accelerate and steer RIGHT        steer 100% / pedal 100% • 137 ms
 21: Accelerate and steer RIGHT        steer 100% / pedal 57% • 136 ms
 22: Brake and steer LEFT              steer 100% / pedal 100% • 136 ms
 23: Accelerate and go STRAIGHT        steer 100% / pedal 100% • 133 ms
 24: Accelerate and go STRAIGHT        steer 100% / pedal 64% • 133 ms
 25: Brake and go STRAIGHT             steer 100% / pedal 100% • 133 ms
 26: Accelerate and go STRAIGHT        steer 100% / pedal 100% • 134 ms
 27: Accelerate and steer RIGHT        steer 100% / pedal 58% • 135 ms
 28: Brake and steer RIGHT             steer 100% / pedal 100% • 134 ms
 29: Accelerate and go STRAIGHT        steer 100% / pedal 100% • 134 ms
 30: Coast and go STRAIGHT             steer 100% / pedal 53% • 132 ms
 31: Accelerate and go STRAIGHT        steer 100% / pedal 99% • 134 ms
 32: Brake and go STRAIGHT             steer 100% / pedal 100% • 133 ms
 33: Accelerate and steer RIGHT        steer 100% / pedal 100% • 135 ms
 34: Accelerate and steer LEFT         steer 100% / pedal 99% • 135 ms
 35: Brake and steer LEFT              steer 100% / pedal 100% • 134 ms
 36: Accelerate and steer LEFT         steer 100% / pedal 100% • 133 ms
 37: Accelerate and steer RIGHT        steer 100% / pedal 83% • 134 ms
 38: Brake and go STRAIGHT             steer 100% / pedal 100% • 135 ms
 39: Accelerate and steer RIGHT        steer 100% / pedal 100% • 134 ms
 40: Accelerate and go STRAIGHT        steer 100% / pedal 91% • 134 ms
 41: Brake and go STRAIGHT             steer 100% / pedal 100% • 135 ms
 42: Accelerate and go STRAIGHT        steer 100% / pedal 100% • 135 ms
 43: Accelerate and steer LEFT         steer 100% / pedal 62% • 135 ms
 44: Brake and go STRAIGHT             steer 100% / pedal 100% • 135 ms
 45: Accelerate and go STRAIGHT        steer 100% / pedal 100% • 137 ms
 46: Accelerate and go STRAIGHT        steer 100% / pedal 98% • 136 ms
 47: Brake and steer LEFT              steer 100% / pedal 100% • 137 ms
 48: Accelerate and steer LEFT         steer 100% / pedal 100% • 137 ms
 49: Accelerate and steer RIGHT        steer 100% / pedal 98% • 136 ms
 50: Brake and go STRAIGHT             steer 100% / pedal 100% • 137 ms
 51: Accelerate and go STRAIGHT        steer 100% / pedal 100% • 135 ms
 52: Accelerate and go STRAIGHT        steer 100% / pedal 99% • 134 ms
 53: Brake and steer LEFT              steer 100% / pedal 100% • 135 ms
 54: Accelerate and go STRAIGHT        steer 100% / pedal 100% • 134 ms
 55: Accelerate and go STRAIGHT        steer 100% / pedal 99% • 134 ms
 56: Brake and steer LEFT              steer 100% / pedal 100% • 135 ms
 57: Accelerate and steer RIGHT        steer 100% / pedal 100% • 134 ms
 58: Accelerate and steer LEFT         steer 100% / pedal 61% • 135 ms
 59: Brake and steer LEFT              steer 100% / pedal 100% • 134 ms
 60: Accelerate and steer RIGHT        steer 100% / pedal 100% • 134 ms
 61: Accelerate and steer LEFT         steer 100% / pedal 77% • 134 ms
 62: Brake and steer LEFT              steer 100% / pedal 100% • 135 ms
 63: Accelerate and go STRAIGHT        steer 100% / pedal 100% • 134 ms
 64: Accelerate and steer RIGHT        steer 100% / pedal 74% • 135 ms
 65: Brake and steer LEFT              steer 100% / pedal 100% • 133 ms
 66: Accelerate and steer RIGHT        steer 100% / pedal 100% • 134 ms
 67: Accelerate and go STRAIGHT        steer 100% / pedal 99% • 133 ms
 68: Brake and steer RIGHT             steer 100% / pedal 100% • 134 ms
 69: Accelerate and go STRAIGHT        steer 100% / pedal 100% • 134 ms
 70: Accelerate and go STRAIGHT        steer 100% / pedal 84% • 134 ms
 71: Brake and go STRAIGHT             steer 100% / pedal 100% • 134 ms
 72: Accelerate and go STRAIGHT        steer 100% / pedal 100% • 134 ms
 73: Accelerate and go STRAIGHT        steer 100% / pedal 98% • 135 ms
 74: Brake and go STRAIGHT             steer 100% / pedal 100% • 136 ms
 75: Accelerate and go STRAIGHT        steer 100% / pedal 100% • 137 ms
 76: Accelerate and go STRAIGHT        steer 100% / pedal 98% • 136 ms
 77: Brake and go STRAIGHT             steer 100% / pedal 100% • 137 ms
 78: Accelerate and go STRAIGHT        steer 100% / pedal 100% • 138 ms
 79: Accelerate and go STRAIGHT        steer 100% / pedal 95% • 136 ms
 80: Brake and go STRAIGHT             steer 100% / pedal 100% • 135 ms
 81: Accelerate and go STRAIGHT        steer 100% / pedal 100% • 134 ms
 82: Accelerate and go STRAIGHT        steer 100% / pedal 95% • 134 ms
 83: Brake and go STRAIGHT             steer 100% / pedal 100% • 135 ms
 84: Accelerate and go STRAIGHT        steer 100% / pedal 100% • 134 ms
 85: Accelerate and go STRAIGHT        steer 100% / pedal 96% • 133 ms
