  1: Accelerate and go STRAIGHT        steer 100% / pedal 100% • 135 ms
  2: Accelerate and go STRAIGHT        steer 100% / pedal 100% • 135 ms
  3: Accelerate and go STRAIGHT        steer 100% / pedal 100% • 135 ms
  4: Accelerate and go STRAIGHT        steer 100% / pedal 100% • 133 ms
  5: Accelerate and go STRAIGHT        steer 100% / pedal 100% • 134 ms
  6: Accelerate and steer LEFT         steer 100% / pedal 100% • 136 ms
  7: Accelerate and steer RIGHT        steer 100% / pedal 62% • 134 ms
  8: Brake and steer RIGHT             steer 100% / pedal 100% • 134 ms
  9: Accelerate and go STRAIGHT        steer 100% / pedal 100% • 134 ms
 10: Accelerate and steer RIGHT        steer 100% / pedal 96% • 134 ms
 11: Brake and steer LEFT              steer 100% / pedal 100% • 134 ms
 12: Accelerate and go STRAIGHT        steer 100% / pedal 100% • 134 ms
 13: Accelerate and steer RIGHT        steer 100% / pedal 92% • 135 ms
 14: Brake and go STRAIGHT             steer 100% / pedal 100% • 136 ms
 15: Accelerate and go STRAIGHT        steer 100% / pedal 100% • 133 ms
 16: Accelerate and go STRAIGHT        steer 100% / pedal 81% • 136 ms
 17: Brake and go STRAIGHT             steer 100% / pedal 100% • 136 ms
 18: Accelerate and go STRAIGHT        steer 100% / pedal 100% • 136 ms
 19: Accelerate and go STRAIGHT        steer 100% / pedal 73% • 140 ms
 20: Brake and go STRAIGHT             steer 100% / pedal 100% • 137 ms
 21: Accelerate and go STRAIGHT        steer 100% / pedal 100% • 138 ms
 22: Coast and steer LEFT              steer 100% / pedal 64% • 137 ms
 23: Accelerate and steer LEFT         steer 100% / pedal 95% • 138 ms
 24: Brake and steer RIGHT             steer 100% / pedal 100% • 134 ms
 25: Accelerate and steer RIGHT        steer 100% / pedal 100% • 134 ms
 26: Accelerate and go STRAIGHT        steer 100% / pedal 80% • 134 ms
 27: Brake and go STRAIGHT             steer 100% / pedal 100% • 135 ms
 28: Accelerate and steer RIGHT        steer 100% / pedal 100% • 135 ms
 29: Accelerate and steer RIGHT        steer 100% / pedal 95% • 134 ms
 30: Brake and steer LEFT              steer 100% / pedal 100% • 135 ms
 31: Accelerate and steer LEFT         steer 100% / pedal 100% • 133 ms
 32: Coast and go STRAIGHT             steer 100% / pedal 67% • 134 ms
 33: Accelerate and steer RIGHT        steer 100% / pedal 52% • 138 ms
 34: Brake and steer LEFT              steer 100% / pedal 100% • 134 ms
 35: Accelerate and steer RIGHT        steer 100% / pedal 100% • 134 ms
 36: Accelerate and go STRAIGHT        steer 100% / pedal 71% • 134 ms
 37: Brake and go STRAIGHT             steer 100% / pedal 100% • 134 ms
 38: Accelerate and go STRAIGHT        steer 100% / pedal 100% • 133 ms
 39: Accelerate and go STRAIGHT        steer 100% / pedal 83% • 134 ms
 40: Brake and go STRAIGHT             steer 100% / pedal 100% • 135 ms
 41: Accelerate and go STRAIGHT        steer 100% / pedal 100% • 143 ms
 42: Coast and go STRAIGHT             steer 100% / pedal 73% • 136 ms
 43: Accelerate and steer RIGHT        steer 100% / pedal 98% • 137 ms
 44: Brake and steer LEFT              steer 100% / pedal 100% • 139 ms
 45: Accelerate and steer RIGHT        steer 100% / pedal 100% • 141 ms
 46: Accelerate and steer LEFT         steer 100% / pedal 75% • 139 ms
 47: Brake and go STRAIGHT             steer 100% / pedal 100% • 140 ms
 48: Accelerate and go STRAIGHT        steer 100% / pedal 100% • 141 ms
 49: Accelerate and go STRAIGHT        steer 100% / pedal 97% • 141 ms
 50: Brake and steer LEFT              steer 100% / pedal 100% • 141 ms
 51: Accelerate and go STRAIGHT        steer 100% / pedal 100% • 140 ms
 52: Accelerate and steer RIGHT        steer 100% / pedal 93% • 144 ms
 53: Brake and go STRAIGHT             steer 100% / pedal 100% • 138 ms
 54: Accelerate and go STRAIGHT        steer 100% / pedal 100% • 134 ms
 55: Accelerate and steer RIGHT        steer 100% / pedal 89% • 141 ms
 56: Brake and steer LEFT              steer 100% / pedal 100% • 141 ms
 57: Accelerate and steer LEFT         steer 100% / pedal 100% • 139 ms
 58: Accelerate and steer LEFT         steer 100% / pedal 92% • 141 ms
 59: Brake and steer RIGHT             steer 100% / pedal 100% • 140 ms
 60: Accelerate and steer LEFT         steer 100% / pedal 100% • 135 ms
 61: Accelerate and go STRAIGHT        steer 100% / pedal 86% • 140 ms
 62: Brake and go STRAIGHT             steer 100% / pedal 100% • 137 ms
 63: Accelerate and steer LEFT         steer 100% / pedal 100% • 134 ms
 64: Accelerate and go STRAIGHT        steer 100% / pedal 86% • 134 ms
 65: Brake and steer RIGHT             steer 100% / pedal 100% • 134 ms
 66: Accelerate and steer LEFT         steer 100% / pedal 100% • 134 ms
 67: Accelerate and go STRAIGHT        steer 100% / pedal 98% • 133 ms
 68: Brake and go STRAIGHT             steer 100% / pedal 100% • 133 ms
 69: Accelerate and go STRAIGHT        steer 100% / pedal 100% • 134 ms
 70: Accelerate and go STRAIGHT        steer 100% / pedal 98% • 134 ms
 71: Brake and go STRAIGHT             steer 100% / pedal 100% • 134 ms
 72: Accelerate and go STRAIGHT        steer 100% / pedal 100% • 134 ms
 73: Accelerate and go STRAIGHT        steer 100% / pedal 80% • 136 ms
 74: Brake and go STRAIGHT             steer 100% / pedal 100% • 136 ms
 75: Accelerate and go STRAIGHT        steer 100% / pedal 100% • 136 ms
 76: Accelerate and go STRAIGHT        steer 100% / pedal 97% • 137 ms
 77: Brake and go STRAIGHT             steer 100% / pedal 100% • 136 ms
 78: Accelerate and go STRAIGHT        steer 100% / pedal 100% • 137 ms
 79: Accelerate and go STRAIGHT        steer 100% / pedal 99% • 135 ms
 80: Brake and go STRAIGHT             steer 100% / pedal 100% • 135 ms
 81: Accelerate and go STRAIGHT        steer 100% / pedal 100% • 135 ms
 82: Accelerate and go STRAIGHT        steer 100% / pedal 85% • 133 ms
 83: Brake and go STRAIGHT             steer 100% / pedal 100% • 134 ms
 84: Accelerate and go STRAIGHT        steer 100% / pedal 100% • 133 ms
