  1: Accelerate and go STRAIGHT        steer 100% / pedal 100% • 134 ms
  2: Accelerate and go STRAIGHT        steer 100% / pedal 100% • 134 ms
  3: Accelerate and go STRAIGHT        steer 100% / pedal 100% • 133 ms
  4: Accelerate and go STRAIGHT        steer 100% / pedal 100% • 134 ms
  5: Accelerate and go STRAIGHT        steer 100% / pedal 100% • 135 ms
  6: Accelerate and go STRAIGHT        steer 100% / pedal 100% • 133 ms
  7: Accelerate and go STRAIGHT        steer 100% / pedal 80% • 134 ms
  8: Brake and go STRAIGHT             steer 100% / pedal 100% • 135 ms
  9: Accelerate and steer LEFT         steer 100% / pedal 100% • 133 ms
 10: Accelerate and steer LEFT         steer 100% / pedal 96% • 133 ms
 11: Brake and steer RIGHT             steer 100% / pedal 100% • 134 ms
 12: Accelerate and steer RIGHT        steer 100% / pedal 100% • 136 ms
 13: Accelerate and steer RIGHT        steer 100% / pedal 59% • 135 ms
 14: Brake and go STRAIGHT             steer 100% / pedal 100% • 134 ms
 15: Accelerate and steer RIGHT        steer 100% / pedal 100% • 135 ms
 16: Accelerate and go STRAIGHT        steer 100% / pedal 57% • 134 ms
 17: Brake and steer LEFT              steer 100% / pedal 100% • 137 ms
 18: Accelerate and steer RIGHT        steer 100% / pedal 100% • 136 ms
 19: Coast and steer LEFT              steer 100% / pedal 83% • 137 ms
 20: Coast and go STRAIGHT             steer 100% / pedal 76% • 136 ms
 21: Coast and steer RIGHT             steer 100% / pedal 76% • 136 ms
 22: Accelerate and go STRAIGHT        steer 100% / pedal 99% • 137 ms
 23: Brake and go STRAIGHT             steer 100% / pedal 100% • 136 ms
 24: Accelerate and go STRAIGHT        steer 100% / pedal 100% • 135 ms
 25: Accelerate and go STRAIGHT        steer 100% / pedal 94% • 133 ms
 26: Brake and steer RIGHT             steer 100% / pedal 100% • 134 ms
 27: Accelerate and go STRAIGHT        steer 100% / pedal 100% • 134 ms
 28: Accelerate and steer LEFT         steer 100% / pedal 93% • 134 ms
 29: Brake and go STRAIGHT             steer 100% / pedal 100% • 134 ms
 30: Accelerate and go STRAIGHT        steer 100% / pedal 100% • 135 ms
 31: Accelerate and steer LEFT         steer 100% / pedal 94% • 134 ms
 32: Brake and steer RIGHT             steer 100% / pedal 100% • 134 ms
 33: Accelerate and steer RIGHT        steer 100% / pedal 100% • 134 ms
 34: Accelerate and steer RIGHT        steer 100% / pedal 92% • 135 ms
 35: Brake and steer LEFT              steer 100% / pedal 100% • 135 ms
 36: Accelerate and steer RIGHT        steer 100% / pedal 100% • 135 ms
 37: Coast and steer RIGHT             steer 100% / pedal 51% • 135 ms
 38: Accelerate and go STRAIGHT        steer 100% / pedal 100% • 134 ms
 39: Brake and go STRAIGHT             steer 100% / pedal 100% • 134 ms
 40: Accelerate and go STRAIGHT        steer 100% / pedal 100% • 134 ms
 41: Accelerate and go STRAIGHT        steer 100% / pedal 95% • 133 ms
 42: Brake and steer LEFT              steer 100% / pedal 100% • 134 ms
 43: Accelerate and go STRAIGHT        steer 100% / pedal 100% • 134 ms
 44: Accelerate and steer RIGHT        steer 100% / pedal 84% • 134 ms
 45: Brake and steer LEFT              steer 100% / pedal 100% • 134 ms
 46: Accelerate and steer RIGHT        steer 100% / pedal 100% • 137 ms
 47: Accelerate and steer RIGHT        steer 100% / pedal 97% • 137 ms
 48: Brake and go STRAIGHT             steer 100% / pedal 100% • 136 ms
 49: Accelerate and go STRAIGHT        steer 100% / pedal 100% • 137 ms
 50: Accelerate and go STRAIGHT        steer 100% / pedal 88% • 137 ms
 51: Brake and steer LEFT              steer 100% / pedal 100% • 137 ms
 52: Accelerate and go STRAIGHT        steer 100% / pedal 100% • 136 ms
 53: Accelerate and go STRAIGHT        steer 100% / pedal 98% • 135 ms
 54: Brake and steer RIGHT             steer 100% / pedal 100% • 134 ms
 55: Accelerate and go STRAIGHT        steer 100% / pedal 100% • 134 ms
 56: Accelerate and steer RIGHT        steer 100% / pedal 100% • 134 ms
 57: Brake and steer LEFT              steer 100% / pedal 100% • 135 ms
 58: Accelerate and steer RIGHT        steer 100% / pedal 100% • 134 ms
 59: Accelerate and go STRAIGHT        steer 100% / pedal 98% • 134 ms
 60: Brake and steer RIGHT             steer 100% / pedal 100% • 134 ms
 61: Accelerate and steer LEFT         steer 100% / pedal 100% • 135 ms
 62: Accelerate and steer LEFT         steer 100% / pedal 85% • 134 ms
 63: Brake and go STRAIGHT             steer 100% / pedal 100% • 134 ms
 64: Accelerate and go STRAIGHT        steer 100% / pedal 100% • 134 ms
 65: Accelerate and steer LEFT         steer 100% / pedal 99% • 135 ms
 66: Brake and steer RIGHT             steer 100% / pedal 100% • 135 ms
 67: Accelerate and steer LEFT         steer 100% / pedal 100% • 134 ms
 68: Accelerate and steer LEFT         steer 100% / pedal 85% • 134 ms
 69: Brake and steer RIGHT             steer 100% / pedal 100% • 135 ms
 70: Accelerate and steer LEFT         steer 100% / pedal 100% • 134 ms
 71: Accelerate and go STRAIGHT        steer 100% / pedal 92% • 135 ms
 72: Brake and steer LEFT              steer 100% / pedal 100% • 134 ms
 73: Accelerate and go STRAIGHT        steer 100% / pedal 100% • 134 ms
 74: Accelerate and go STRAIGHT        steer 100% / pedal 95% • 135 ms
 75: Brake and go STRAIGHT             steer 100% / pedal 100% • 138 ms
 76: Accelerate and go STRAIGHT        steer 100% / pedal 100% • 136 ms
 77: Accelerate and go STRAIGHT        steer 100% / pedal 98% • 136 ms
 78: Brake and go STRAIGHT             steer 100% / pedal 100% • 136 ms
 79: Accelerate and go STRAIGHT        steer 100% / pedal 100% • 137 ms
 80: Accelerate and go STRAIGHT        steer 100% / pedal 97% • 137 ms
 81: Brake and go STRAIGHT             steer 100% / pedal 100% • 137 ms
 82: Accelerate and go STRAIGHT        steer 100% / pedal 100% • 134 ms
 83: Accelerate and go STRAIGHT        steer 100% / pedal 66% • 134 ms
 84: Brake and go STRAIGHT             steer 100% / pedal 100% • 134 ms
 85: Accelerate and go STRAIGHT        steer 100% / pedal 100% • 133 ms
 86: Accelerate and go STRAIGHT        steer 100% / pedal 95% • 134 ms
 87: Brake and go STRAIGHT             steer 100% / pedal 100% • 134 ms
